******************************************************************************
                  TI ARM Linker PC v20.2.6                     
******************************************************************************
>> Linked Tue Nov 29 17:23:43 2022

OUTPUT FILE NAME:   <project.out>
ENTRY POINT SYMBOL: "_c_int00_noargs"  address: 000033a1


MEMORY CONFIGURATION

         name            origin    length      used     unused   attr    fill
----------------------  --------  ---------  --------  --------  ----  --------
  FLASH                 00000000   00040000  00003774  0003c88c  R  X
  SRAM                  20000000   00008000  000003c5  00007c3b  RW X


SEGMENT ALLOCATION MAP

run origin  load origin   length   init length attrs members
----------  ----------- ---------- ----------- ----- -------
00000000    00000000    00003778   00003778    r-x
  00000000    00000000    0000026c   0000026c    r-- .intvecs
  0000026c    0000026c    00003344   00003344    r-x .text
  000035b0    000035b0    00000174   00000174    r-- .const
  00003728    00003728    00000050   00000050    r-- .cinit
20000000    20000000    000003c8   00000000    rw-
  20000000    20000000    00000200   00000000    rw- .stack
  20000200    20000200    00000181   00000000    rw- .bss
  20000384    20000384    00000044   00000000    rw- .data


SECTION ALLOCATION MAP

 output                                  attributes/
section   page    origin      length       input sections
--------  ----  ----------  ----------   ----------------
.intvecs   0    00000000    0000026c     
                  00000000    0000026c     tm4c123gh6pm_startup_ccs.obj (.intvecs)

.text      0    0000026c    00003344     
                  0000026c    00000bf0     i2cm_drv.obj (.text)
                  00000e5c    00000900     mpu6050.obj (.text)
                  0000175c    00000710     main.obj (.text)
                  00001e6c    000003d4     rtsv7M4_T_le_v4SPD16_eabi.lib : e_asin.c.obj (.text:asin)
                  00002240    0000032c     I2C.obj (.text)
                  0000256c    000001b6     rtsv7M4_T_le_v4SPD16_eabi.lib : fd_add_t2.asm.obj (.text)
                  00002722    00000002     --HOLE-- [fill = 0]
                  00002724    00000158                                   : e_sqrt.c.obj (.text:sqrt)
                  0000287c    00000136                                   : fd_div_t2.asm.obj (.text)
                  000029b2    00000132     driverlib.lib : gpio.obj (.text:GPIOPadConfigSet)
                  00002ae4    00000110                   : sysctl.obj (.text:SysCtlClockGet)
                  00002bf4    000000fc     rtsv7M4_T_le_v4SPD16_eabi.lib : fd_mul_t2.asm.obj (.text)
                  00002cf0    000000f4     driverlib.lib : sysctl.obj (.text:SysCtlClockSet)
                  00002de4    0000009c     rtsv7M4_T_le_v4SPD16_eabi.lib : memcpy_t2.asm.obj (.text)
                  00002e80    00000086                                   : fd_cmp_t2.asm.obj (.text:__aeabi_cdrcmple)
                  00002f06    0000006e                                   : fd_tos_t2.asm.obj (.text)
                  00002f74    00000068     driverlib.lib : interrupt.obj (.text:IntDisable)
                  00002fdc    00000068                   : interrupt.obj (.text:IntEnable)
                  00003044    00000068     rtsv7M4_T_le_v4SPD16_eabi.lib : copy_decompress_lzss.c.obj (.text:decompress:lzss:__TI_decompress_lzss)
                  000030ac    00000064     driverlib.lib : interrupt.obj (.text:IntIsEnabled)
                  00003110    00000050                   : sysctl.obj (.text:SysCtlPeripheralReset)
                  00003160    0000004c                   : i2c.obj (.text:I2CMasterInitExpClk)
                  000031ac    00000048                   : gpio.obj (.text:GPIOPinConfigure)
                  000031f4    00000048     rtsv7M4_T_le_v4SPD16_eabi.lib : fd_toi_t2.asm.obj (.text)
                  0000323c    00000046     driverlib.lib : uart.obj (.text:UARTConfigSetExpClk)
                  00003282    00000002     --HOLE-- [fill = 0]
                  00003284    00000044     rtsv7M4_T_le_v4SPD16_eabi.lib : autoinit.c.obj (.text:__TI_auto_init_nobinit_nopinit:__TI_auto_init_nobinit_nopinit)
                  000032c8    00000036     i2cm_drv.obj (.text:I2CMRead)
                  000032fe    00000036     i2cm_drv.obj (.text:I2CMWrite)
                  00003334    00000036     i2cm_drv.obj (.text:I2CMWriteBatched)
                  0000336a    00000002     --HOLE-- [fill = 0]
                  0000336c    00000034     driverlib.lib : sysctl.obj (.text:SysCtlPeripheralEnable)
                  000033a0    00000034     rtsv7M4_T_le_v4SPD16_eabi.lib : boot_cortex_m.c.obj (.text:_c_int00_noargs:_c_int00_noargs)
                  000033d4    0000002e                                   : i_tofd_t2.asm.obj (.text)
                  00003402    0000002a     driverlib.lib : gpio.obj (.text:GPIODirModeSet)
                  0000342c    00000020                   : uart.obj (.text:UARTDisable)
                  0000344c    0000001c     rtsv7M4_T_le_v4SPD16_eabi.lib : copy_zero_init.c.obj (.text:decompress:ZI:__TI_zero_init_nomemset:__TI_zero_init_nomemset)
                  00003468    00000018     driverlib.lib : gpio.obj (.text:GPIOPinTypeGPIOOutput)
                  00003480    00000018     rtsv7M4_T_le_v4SPD16_eabi.lib : strcmp.c.obj (.text:strcmp)
                  00003498    00000014     driverlib.lib : uart.obj (.text:UARTEnable)
                  000034ac    00000012                   : gpio.obj (.text:GPIOPinTypeI2C)
                  000034be    00000012                   : gpio.obj (.text:GPIOPinTypeI2CSCL)
                  000034d0    00000012                   : gpio.obj (.text:GPIOPinTypeUART)
                  000034e2    00000010                   : interrupt.obj (.text:IntMasterEnable)
                  000034f2    0000000e                   : uart.obj (.text:UARTCharsAvail)
                  00003500    0000000e     rtsv7M4_T_le_v4SPD16_eabi.lib : copy_decompress_none.c.obj (.text:decompress:none:__TI_decompress_none)
                  0000350e    0000000c     driverlib.lib : cpu.obj (.text:CPUcpsie)
                  0000351a    00000002     --HOLE-- [fill = 0]
                  0000351c    0000000c                   : interrupt.obj (.text:IntTrigger)
                  00003528    0000000c     tm4c123gh6pm_startup_ccs.obj (.text)
                  00003534    0000000a     driverlib.lib : i2c.obj (.text:I2CMasterEnable)
                  0000353e    0000000a                   : uart.obj (.text:UARTCharGet)
                  00003548    0000000a                   : uart.obj (.text:UARTCharPut)
                  00003552    0000000a                   : uart.obj (.text:UARTIntStatus)
                  0000355c    00000008                   : i2c.obj (.text:I2CMasterBusy)
                  00003564    00000008                   : i2c.obj (.text:I2CMasterIntClear)
                  0000356c    00000008                   : i2c.obj (.text:I2CMasterIntEnableEx)
                  00003574    00000008                   : i2c.obj (.text:I2CMasterSlaveAddrSet)
                  0000357c    00000008                   : uart.obj (.text:UARTIntEnable)
                  00003584    00000008     rtsv7M4_T_le_v4SPD16_eabi.lib : errno.c.obj (.text:__aeabi_errno_addr)
                  0000358c    00000006     driverlib.lib : gpio.obj (.text:GPIOPinWrite)
                  00003592    00000006                   : sysctl.obj (.text:SysCtlDelay)
                  00003598    00000004                   : i2c.obj (.text:I2CMasterControl)
                  0000359c    00000004                   : i2c.obj (.text:I2CMasterDataGet)
                  000035a0    00000004                   : i2c.obj (.text:I2CMasterDataPut)
                  000035a4    00000004                   : uart.obj (.text:UARTIntClear)
                  000035a8    00000004     rtsv7M4_T_le_v4SPD16_eabi.lib : pre_init.c.obj (.text:_system_pre_init)
                  000035ac    00000004                                   : exit.c.obj (.text:abort:abort)

.const     0    000035b0    00000174     
                  000035b0    00000090     driverlib.lib : gpio.obj (.const:g_pui32GPIOBaseAddrs)
                  00003640    00000070                   : interrupt.obj (.const)
                  000036b0    0000006c                   : sysctl.obj (.const:g_pui32Xtals)
                  0000371c    00000008     main.obj (.const)

.cinit     0    00003728    00000050     
                  00003728    0000002c     (.cinit..data.load) [load image, compression = lzss]
                  00003754    0000000c     (__TI_handler_table)
                  00003760    00000008     (.cinit..bss.load) [load image, compression = zero_init]
                  00003768    00000010     (__TI_cinit_table)

.init_array 
*          0    00000000    00000000     UNINITIALIZED

.bss       0    20000200    00000181     UNINITIALIZED
                  20000200    00000124     (.common:g_sI2CMSimpleInst)
                  20000324    00000004     (.common:newval)
                  20000328    00000030     mpu6050.obj (.bss)
                  20000358    00000010     mpu6050.obj (.bss:MPU6050_Buf_14_uint8)
                  20000368    00000010     mpu6050.obj (.bss:MPU6050_Buf_7_int16)
                  20000378    00000008     (.common:loop_time)
                  20000380    00000001     (.common:g_bMPU6050Done)

.data      0    20000384    00000044     UNINITIALIZED
                  20000384    00000020     I2C.obj (.data)
                  200003a4    00000020     main.obj (.data)
                  200003c4    00000004     rtsv7M4_T_le_v4SPD16_eabi.lib : errno.c.obj (.data)

.stack     0    20000000    00000200     UNINITIALIZED
                  20000000    00000004     rtsv7M4_T_le_v4SPD16_eabi.lib : boot_cortex_m.c.obj (.stack)
                  20000004    000001fc     --HOLE--

__llvm_prf_cnts 
*          0    20000000    00000000     UNINITIALIZED

MODULE SUMMARY

       Module                         code    ro data   rw data
       ------                         ----    -------   -------
    .\
       i2cm_drv.obj                   3218    0         0      
       mpu6050.obj                    2304    0         80     
       main.obj                       1808    8         337    
       tm4c123gh6pm_startup_ccs.obj   12      620       0      
    +--+------------------------------+-------+---------+---------+
       Total:                         7342    628       417    
                                                               
    .\I2C\
       I2C.obj                        812     0         32     
    +--+------------------------------+-------+---------+---------+
       Total:                         812     0         32     
                                                               
    C:/ti/TivaWare_C_Series-2.1.4.178/driverlib/ccs/Debug/driverlib.lib
       sysctl.obj                     654     108       0      
       gpio.obj                       504     144       0      
       interrupt.obj                  336     112       0      
       uart.obj                       178     0         0      
       i2c.obj                        130     0         0      
       cpu.obj                        12      0         0      
    +--+------------------------------+-------+---------+---------+
       Total:                         1814    364       0      
                                                               
    C:\ti\ccs1200\ccs\tools\compiler\ti-cgt-arm_20.2.6.LTS\lib\rtsv7M4_T_le_v4SPD16_eabi.lib
       e_asin.c.obj                   980     0         0      
       fd_add_t2.asm.obj              438     0         0      
       e_sqrt.c.obj                   344     0         0      
       fd_div_t2.asm.obj              310     0         0      
       fd_mul_t2.asm.obj              252     0         0      
       memcpy_t2.asm.obj              156     0         0      
       fd_cmp_t2.asm.obj              134     0         0      
       fd_tos_t2.asm.obj              110     0         0      
       copy_decompress_lzss.c.obj     104     0         0      
       fd_toi_t2.asm.obj              72      0         0      
       autoinit.c.obj                 68      0         0      
       boot_cortex_m.c.obj            52      0         0      
       i_tofd_t2.asm.obj              46      0         0      
       copy_zero_init.c.obj           28      0         0      
       strcmp.c.obj                   24      0         0      
       copy_decompress_none.c.obj     14      0         0      
       errno.c.obj                    8       0         4      
       exit.c.obj                     4       0         0      
       pre_init.c.obj                 4       0         0      
    +--+------------------------------+-------+---------+---------+
       Total:                         3148    0         4      
                                                               
       Stack:                         0       0         512    
       Linker Generated:              0       80        0      
    +--+------------------------------+-------+---------+---------+
       Grand Total:                   13116   1072      965    


LINKER GENERATED COPY TABLES

__TI_cinit_table @ 00003768 records: 2, size/record: 8, table size: 16
	.data: load addr=00003728, load size=0000002c bytes, run addr=20000384, run size=00000044 bytes, compression=lzss
	.bss: load addr=00003760, load size=00000008 bytes, run addr=20000200, run size=00000181 bytes, compression=zero_init


LINKER GENERATED HANDLER TABLE

__TI_handler_table @ 00003754 records: 3, size/record: 4, table size: 12
	index: 0, handler: __TI_decompress_lzss
	index: 1, handler: __TI_decompress_none
	index: 2, handler: __TI_zero_init


GLOBAL SYMBOLS: SORTED ALPHABETICALLY BY Name 

address   name                          
-------   ----                          
000035ad  C$$EXIT                       
0000350f  CPUcpsie                      
00003403  GPIODirModeSet                
000029b3  GPIOPadConfigSet              
000031ad  GPIOPinConfigure              
00003469  GPIOPinTypeGPIOOutput         
000034ad  GPIOPinTypeI2C                
000034bf  GPIOPinTypeI2CSCL             
000034d1  GPIOPinTypeUART               
0000358d  GPIOPinWrite                  
0000085d  I2CMCommand                   
00000807  I2CMInit                      
000006e9  I2CMIntHandler                
000032c9  I2CMRead                      
00000d21  I2CMRead16BE                  
00000b47  I2CMReadModifyWrite16LE       
000009ff  I2CMReadModifyWrite8          
000017f5  I2CMSimpleIntHandler          
00000929  I2CMTransferResume            
000032ff  I2CMWrite                     
00000de7  I2CMWrite16BE                 
00000c55  I2CMWrite8                    
00003335  I2CMWriteBatched              
0000355d  I2CMasterBusy                 
00003599  I2CMasterControl              
0000359d  I2CMasterDataGet              
000035a1  I2CMasterDataPut              
00003535  I2CMasterEnable               
00003161  I2CMasterInitExpClk           
00003565  I2CMasterIntClear             
0000356d  I2CMasterIntEnableEx          
00003575  I2CMasterSlaveAddrSet         
00002241  I2C_Config                    
0000240f  I2C_Read_bytes                
0000235b  I2C_Write_bytes               
0000175d  InitI2C0                      
00002f75  IntDisable                    
00002fdd  IntEnable                     
000030ad  IntIsEnabled                  
000034e3  IntMasterEnable               
0000351d  IntTrigger                    
000017e3  MPU6050Callback               
000017ff  MPU6050Example                
000010e3  MPU6050_Calib_Set             
00000fdf  MPU6050_Calibrate             
00000e5d  MPU6050_Config                
0000121d  MPU6050_Read                  
00001325  MPU6050_Read_Angle            
000014cd  MPU6050_Read_Comple_Angle     
00000f4f  MPU6050_Read_raw              
00001159  MPU6050_Read_raw_Calibrated   
00003529  ResetISR                      
00002ae5  SysCtlClockGet                
00002cf1  SysCtlClockSet                
00003593  SysCtlDelay                   
0000336d  SysCtlPeripheralEnable        
00003111  SysCtlPeripheralReset         
00001ded  UART0IntHandler               
00001dab  UART5IntHandler               
0000353f  UARTCharGet                   
00003549  UARTCharPut                   
000034f3  UARTCharsAvail                
0000323d  UARTConfigSetExpClk           
0000342d  UARTDisable                   
00003499  UARTEnable                    
000035a5  UARTIntClear                  
0000357d  UARTIntEnable                 
00003553  UARTIntStatus                 
20000200  __STACK_END                   
00000200  __STACK_SIZE                  
20000200  __STACK_TOP                   
00003768  __TI_CINIT_Base               
00003778  __TI_CINIT_Limit              
00003754  __TI_Handler_Table_Base       
00003760  __TI_Handler_Table_Limit      
00003285  __TI_auto_init_nobinit_nopinit
00003045  __TI_decompress_lzss          
00003501  __TI_decompress_none          
ffffffff  __TI_pprof_out_hndl           
ffffffff  __TI_prof_data_size           
ffffffff  __TI_prof_data_start          
00000000  __TI_static_base__            
0000344d  __TI_zero_init_nomemset       
00002e81  __aeabi_cdrcmple              
00002f07  __aeabi_d2f                   
000031f5  __aeabi_d2iz                  
00002577  __aeabi_dadd                  
0000287d  __aeabi_ddiv                  
00002bf5  __aeabi_dmul                  
0000256d  __aeabi_dsub                  
00003585  __aeabi_errno_addr            
000033d5  __aeabi_i2d                   
00002de5  __aeabi_memcpy                
00002de5  __aeabi_memcpy4               
00002de5  __aeabi_memcpy8               
ffffffff  __binit__                     
ffffffff  __c_args__                    
UNDEFED   __mpu_init                    
20000000  __stack                       
20000000  __start___llvm_prf_cnts       
20000000  __stop___llvm_prf_cnts        
000033a1  _c_int00_noargs               
UNDEFED   _system_post_cinit            
000035a9  _system_pre_init              
000035ad  abort                         
00001e6d  asin                          
00001e6d  asinl                         
ffffffff  binit                         
00001a91  conversion                    
000017c7  delayMS                       
200003c4  errno                         
20000380  g_bMPU6050Done                
00000000  g_pfnVectors                  
20000200  g_sI2CMSimpleInst             
20000378  loop_time                     
00001b8d  main                          
00002de5  memcpy                        
20000324  newval                        
200003a4  pointer                       
00001aed  putval                        
00001b2d  sentval                       
00002725  sqrt                          
00002725  sqrtl                         
00003481  strcmp                        


GLOBAL SYMBOLS: SORTED BY Symbol Address 

address   name                          
-------   ----                          
00000000  __TI_static_base__            
00000000  g_pfnVectors                  
00000200  __STACK_SIZE                  
000006e9  I2CMIntHandler                
00000807  I2CMInit                      
0000085d  I2CMCommand                   
00000929  I2CMTransferResume            
000009ff  I2CMReadModifyWrite8          
00000b47  I2CMReadModifyWrite16LE       
00000c55  I2CMWrite8                    
00000d21  I2CMRead16BE                  
00000de7  I2CMWrite16BE                 
00000e5d  MPU6050_Config                
00000f4f  MPU6050_Read_raw              
00000fdf  MPU6050_Calibrate             
000010e3  MPU6050_Calib_Set             
00001159  MPU6050_Read_raw_Calibrated   
0000121d  MPU6050_Read                  
00001325  MPU6050_Read_Angle            
000014cd  MPU6050_Read_Comple_Angle     
0000175d  InitI2C0                      
000017c7  delayMS                       
000017e3  MPU6050Callback               
000017f5  I2CMSimpleIntHandler          
000017ff  MPU6050Example                
00001a91  conversion                    
00001aed  putval                        
00001b2d  sentval                       
00001b8d  main                          
00001dab  UART5IntHandler               
00001ded  UART0IntHandler               
00001e6d  asin                          
00001e6d  asinl                         
00002241  I2C_Config                    
0000235b  I2C_Write_bytes               
0000240f  I2C_Read_bytes                
0000256d  __aeabi_dsub                  
00002577  __aeabi_dadd                  
00002725  sqrt                          
00002725  sqrtl                         
0000287d  __aeabi_ddiv                  
000029b3  GPIOPadConfigSet              
00002ae5  SysCtlClockGet                
00002bf5  __aeabi_dmul                  
00002cf1  SysCtlClockSet                
00002de5  __aeabi_memcpy                
00002de5  __aeabi_memcpy4               
00002de5  __aeabi_memcpy8               
00002de5  memcpy                        
00002e81  __aeabi_cdrcmple              
00002f07  __aeabi_d2f                   
00002f75  IntDisable                    
00002fdd  IntEnable                     
00003045  __TI_decompress_lzss          
000030ad  IntIsEnabled                  
00003111  SysCtlPeripheralReset         
00003161  I2CMasterInitExpClk           
000031ad  GPIOPinConfigure              
000031f5  __aeabi_d2iz                  
0000323d  UARTConfigSetExpClk           
00003285  __TI_auto_init_nobinit_nopinit
000032c9  I2CMRead                      
000032ff  I2CMWrite                     
00003335  I2CMWriteBatched              
0000336d  SysCtlPeripheralEnable        
000033a1  _c_int00_noargs               
000033d5  __aeabi_i2d                   
00003403  GPIODirModeSet                
0000342d  UARTDisable                   
0000344d  __TI_zero_init_nomemset       
00003469  GPIOPinTypeGPIOOutput         
00003481  strcmp                        
00003499  UARTEnable                    
000034ad  GPIOPinTypeI2C                
000034bf  GPIOPinTypeI2CSCL             
000034d1  GPIOPinTypeUART               
000034e3  IntMasterEnable               
000034f3  UARTCharsAvail                
00003501  __TI_decompress_none          
0000350f  CPUcpsie                      
0000351d  IntTrigger                    
00003529  ResetISR                      
00003535  I2CMasterEnable               
0000353f  UARTCharGet                   
00003549  UARTCharPut                   
00003553  UARTIntStatus                 
0000355d  I2CMasterBusy                 
00003565  I2CMasterIntClear             
0000356d  I2CMasterIntEnableEx          
00003575  I2CMasterSlaveAddrSet         
0000357d  UARTIntEnable                 
00003585  __aeabi_errno_addr            
0000358d  GPIOPinWrite                  
00003593  SysCtlDelay                   
00003599  I2CMasterControl              
0000359d  I2CMasterDataGet              
000035a1  I2CMasterDataPut              
000035a5  UARTIntClear                  
000035a9  _system_pre_init              
000035ad  C$$EXIT                       
000035ad  abort                         
00003754  __TI_Handler_Table_Base       
00003760  __TI_Handler_Table_Limit      
00003768  __TI_CINIT_Base               
00003778  __TI_CINIT_Limit              
20000000  __stack                       
20000000  __start___llvm_prf_cnts       
20000000  __stop___llvm_prf_cnts        
20000200  __STACK_END                   
20000200  __STACK_TOP                   
20000200  g_sI2CMSimpleInst             
20000324  newval                        
20000378  loop_time                     
20000380  g_bMPU6050Done                
200003a4  pointer                       
200003c4  errno                         
ffffffff  __TI_pprof_out_hndl           
ffffffff  __TI_prof_data_size           
ffffffff  __TI_prof_data_start          
ffffffff  __binit__                     
ffffffff  __c_args__                    
ffffffff  binit                         
UNDEFED   __mpu_init                    
UNDEFED   _system_post_cinit            

[124 symbols]
