******************************************************************************
                  TI ARM Linker PC v20.2.6                     
******************************************************************************
>> Linked Tue Nov 29 15:53:39 2022

OUTPUT FILE NAME:   <ControlServo.out>
ENTRY POINT SYMBOL: "_c_int00_noargs"  address: 00000b41


MEMORY CONFIGURATION

         name            origin    length      used     unused   attr    fill
----------------------  --------  ---------  --------  --------  ----  --------
  FLASH                 00000000   00040000  00000ede  0003f122  R  X
  SRAM                  20000000   00008000  00000220  00007de0  RW X


SEGMENT ALLOCATION MAP

run origin  load origin   length   init length attrs members
----------  ----------- ---------- ----------- ----- -------
00000000    00000000    00000ee0   00000ee0    r-x
  00000000    00000000    0000026c   0000026c    r-- .intvecs
  0000026c    0000026c    00000ad6   00000ad6    r-x .text
  00000d44    00000d44    0000016c   0000016c    r-- .const
  00000eb0    00000eb0    00000030   00000030    r-- .cinit
20000000    20000000    00000220   00000000    rw-
  20000000    20000000    00000200   00000000    rw- .stack
  20000200    20000200    00000014   00000000    rw- .bss
  20000214    20000214    0000000c   00000000    rw- .data


SECTION ALLOCATION MAP

 output                                  attributes/
section   page    origin      length       input sections
--------  ----  ----------  ----------   ----------------
.intvecs   0    00000000    0000026c     
                  00000000    0000026c     tm4c123gh6pm_startup_ccs.obj (.intvecs)

.text      0    0000026c    00000ad6     
                  0000026c    00000328     main.obj (.text)
                  00000594    00000132     driverlib.lib : gpio.obj (.text:GPIOPadConfigSet)
                  000006c6    00000002     --HOLE-- [fill = 0]
                  000006c8    00000110                   : sysctl.obj (.text:SysCtlClockGet)
                  000007d8    000000f4                   : sysctl.obj (.text:SysCtlClockSet)
                  000008cc    0000009c     rtsv7M4_T_le_v4SPD16_eabi.lib : memcpy_t2.asm.obj (.text)
                  00000968    00000068     driverlib.lib : interrupt.obj (.text:IntEnable)
                  000009d0    00000068     rtsv7M4_T_le_v4SPD16_eabi.lib : copy_decompress_lzss.c.obj (.text:decompress:lzss:__TI_decompress_lzss)
                  00000a38    00000048     driverlib.lib : gpio.obj (.text:GPIOPinConfigure)
                  00000a80    00000046                   : uart.obj (.text:UARTConfigSetExpClk)
                  00000ac6    00000002     --HOLE-- [fill = 0]
                  00000ac8    00000044     rtsv7M4_T_le_v4SPD16_eabi.lib : autoinit.c.obj (.text:__TI_auto_init_nobinit_nopinit:__TI_auto_init_nobinit_nopinit)
                  00000b0c    00000034     driverlib.lib : sysctl.obj (.text:SysCtlPeripheralEnable)
                  00000b40    00000034     rtsv7M4_T_le_v4SPD16_eabi.lib : boot_cortex_m.c.obj (.text:_c_int00_noargs:_c_int00_noargs)
                  00000b74    0000002a     driverlib.lib : gpio.obj (.text:GPIODirModeSet)
                  00000b9e    00000022                   : pwm.obj (.text:PWMGenConfigure)
                  00000bc0    00000020                   : uart.obj (.text:UARTDisable)
                  00000be0    0000001e                   : pwm.obj (.text:PWMPulseWidthSet)
                  00000bfe    0000001c     rtsv7M4_T_le_v4SPD16_eabi.lib : copy_zero_init.c.obj (.text:decompress:ZI:__TI_zero_init_nomemset:__TI_zero_init_nomemset)
                  00000c1a    00000018     driverlib.lib : gpio.obj (.text:GPIOPinTypeGPIOOutput)
                  00000c32    00000002     --HOLE-- [fill = 0]
                  00000c34    00000014                   : sysctl.obj (.text:SysCtlPWMClockSet)
                  00000c48    00000014                   : uart.obj (.text:UARTEnable)
                  00000c5c    00000012                   : gpio.obj (.text:GPIOPinTypePWM)
                  00000c6e    00000012                   : gpio.obj (.text:GPIOPinTypeUART)
                  00000c80    00000012                   : pwm.obj (.text:PWMOutputState)
                  00000c92    00000010                   : interrupt.obj (.text:IntMasterEnable)
                  00000ca2    00000010                   : pwm.obj (.text:PWMGenPeriodSet)
                  00000cb2    0000000e                   : uart.obj (.text:UARTCharGetNonBlocking)
                  00000cc0    0000000e                   : uart.obj (.text:UARTCharPutNonBlocking)
                  00000cce    0000000e                   : uart.obj (.text:UARTCharsAvail)
                  00000cdc    0000000e     rtsv7M4_T_le_v4SPD16_eabi.lib : copy_decompress_none.c.obj (.text:decompress:none:__TI_decompress_none)
                  00000cea    0000000c     driverlib.lib : cpu.obj (.text:CPUcpsie)
                  00000cf6    0000000c                   : pwm.obj (.text:PWMGenEnable)
                  00000d02    0000000c     tm4c123gh6pm_startup_ccs.obj (.text)
                  00000d0e    0000000a     driverlib.lib : uart.obj (.text:UARTCharPut)
                  00000d18    0000000a                   : uart.obj (.text:UARTIntStatus)
                  00000d22    00000008                   : uart.obj (.text:UARTIntEnable)
                  00000d2a    00000006                   : gpio.obj (.text:GPIOPinWrite)
                  00000d30    00000006                   : sysctl.obj (.text:SysCtlDelay)
                  00000d36    00000004                   : uart.obj (.text:UARTIntClear)
                  00000d3a    00000004     rtsv7M4_T_le_v4SPD16_eabi.lib : pre_init.c.obj (.text:_system_pre_init)
                  00000d3e    00000004                                   : exit.c.obj (.text:abort:abort)

.const     0    00000d44    0000016c     
                  00000d44    00000090     driverlib.lib : gpio.obj (.const:g_pui32GPIOBaseAddrs)
                  00000dd4    00000070                   : interrupt.obj (.const)
                  00000e44    0000006c                   : sysctl.obj (.const:g_pui32Xtals)

.cinit     0    00000eb0    00000030     
                  00000eb0    0000000c     (__TI_handler_table)
                  00000ebc    0000000a     (.cinit..data.load) [load image, compression = lzss]
                  00000ec6    00000002     --HOLE-- [fill = 0]
                  00000ec8    00000008     (.cinit..bss.load) [load image, compression = zero_init]
                  00000ed0    00000010     (__TI_cinit_table)

.init_array 
*          0    00000000    00000000     UNINITIALIZED

.bss       0    20000200    00000014     UNINITIALIZED
                  20000200    00000014     (.common:receive)

.data      0    20000214    0000000c     UNINITIALIZED
                  20000214    0000000c     main.obj (.data)

.stack     0    20000000    00000200     UNINITIALIZED
                  20000000    00000004     rtsv7M4_T_le_v4SPD16_eabi.lib : boot_cortex_m.c.obj (.stack)
                  20000004    000001fc     --HOLE--

__llvm_prf_cnts 
*          0    20000000    00000000     UNINITIALIZED

MODULE SUMMARY

       Module                         code   ro data   rw data
       ------                         ----   -------   -------
    .\
       main.obj                       808    0         32     
       tm4c123gh6pm_startup_ccs.obj   12     620       0      
    +--+------------------------------+------+---------+---------+
       Total:                         820    620       32     
                                                              
    C:/ti/TivaWare_C_Series-2.1.4.178/driverlib/ccs/Debug/driverlib.lib
       sysctl.obj                     594    108       0      
       gpio.obj                       486    144       0      
       interrupt.obj                  120    112       0      
       uart.obj                       196    0         0      
       pwm.obj                        110    0         0      
       cpu.obj                        12     0         0      
    +--+------------------------------+------+---------+---------+
       Total:                         1518   364       0      
                                                              
    C:\ti\ccs1200\ccs\tools\compiler\ti-cgt-arm_20.2.6.LTS\lib\rtsv7M4_T_le_v4SPD16_eabi.lib
       memcpy_t2.asm.obj              156    0         0      
       copy_decompress_lzss.c.obj     104    0         0      
       autoinit.c.obj                 68     0         0      
       boot_cortex_m.c.obj            52     0         0      
       copy_zero_init.c.obj           28     0         0      
       copy_decompress_none.c.obj     14     0         0      
       exit.c.obj                     4      0         0      
       pre_init.c.obj                 4      0         0      
    +--+------------------------------+------+---------+---------+
       Total:                         430    0         0      
                                                              
       Stack:                         0      0         512    
       Linker Generated:              0      46        0      
    +--+------------------------------+------+---------+---------+
       Grand Total:                   2768   1030      544    


LINKER GENERATED COPY TABLES

__TI_cinit_table @ 00000ed0 records: 2, size/record: 8, table size: 16
	.data: load addr=00000ebc, load size=0000000a bytes, run addr=20000214, run size=0000000c bytes, compression=lzss
	.bss: load addr=00000ec8, load size=00000008 bytes, run addr=20000200, run size=00000014 bytes, compression=zero_init


LINKER GENERATED HANDLER TABLE

__TI_handler_table @ 00000eb0 records: 3, size/record: 4, table size: 12
	index: 0, handler: __TI_decompress_lzss
	index: 1, handler: __TI_decompress_none
	index: 2, handler: __TI_zero_init


GLOBAL SYMBOLS: SORTED ALPHABETICALLY BY Name 

address   name                          
-------   ----                          
00000d3f  C$$EXIT                       
00000ceb  CPUcpsie                      
00000b75  GPIODirModeSet                
00000595  GPIOPadConfigSet              
00000a39  GPIOPinConfigure              
00000c1b  GPIOPinTypeGPIOOutput         
00000c5d  GPIOPinTypePWM                
00000c6f  GPIOPinTypeUART               
00000d2b  GPIOPinWrite                  
00000969  IntEnable                     
00000c93  IntMasterEnable               
00000b9f  PWMGenConfigure               
00000cf7  PWMGenEnable                  
00000ca3  PWMGenPeriodSet               
00000c81  PWMOutputState                
00000be1  PWMPulseWidthSet              
00000d03  ResetISR                      
000006c9  SysCtlClockGet                
000007d9  SysCtlClockSet                
00000d31  SysCtlDelay                   
00000c35  SysCtlPWMClockSet             
00000b0d  SysCtlPeripheralEnable        
00000467  UART5IntHandler               
00000cb3  UARTCharGetNonBlocking        
00000d0f  UARTCharPut                   
00000cc1  UARTCharPutNonBlocking        
00000ccf  UARTCharsAvail                
00000a81  UARTConfigSetExpClk           
00000bc1  UARTDisable                   
00000c49  UARTEnable                    
00000d37  UARTIntClear                  
00000d23  UARTIntEnable                 
00000d19  UARTIntStatus                 
20000200  __STACK_END                   
00000200  __STACK_SIZE                  
20000200  __STACK_TOP                   
00000ed0  __TI_CINIT_Base               
00000ee0  __TI_CINIT_Limit              
00000eb0  __TI_Handler_Table_Base       
00000ebc  __TI_Handler_Table_Limit      
00000ac9  __TI_auto_init_nobinit_nopinit
000009d1  __TI_decompress_lzss          
00000cdd  __TI_decompress_none          
ffffffff  __TI_pprof_out_hndl           
ffffffff  __TI_prof_data_size           
ffffffff  __TI_prof_data_start          
00000000  __TI_static_base__            
00000bff  __TI_zero_init_nomemset       
000008cd  __aeabi_memcpy                
000008cd  __aeabi_memcpy4               
000008cd  __aeabi_memcpy8               
ffffffff  __binit__                     
ffffffff  __c_args__                    
UNDEFED   __mpu_init                    
20000000  __stack                       
20000000  __start___llvm_prf_cnts       
20000000  __stop___llvm_prf_cnts        
00000b41  _c_int00_noargs               
UNDEFED   _system_post_cinit            
00000d3b  _system_pre_init              
00000d3f  abort                         
ffffffff  binit                         
00000000  g_pfnVectors                  
0000026d  main                          
000008cd  memcpy                        
20000214  pointer                       
20000200  receive                       
20000218  x                             
2000021c  z                             


GLOBAL SYMBOLS: SORTED BY Symbol Address 

address   name                          
-------   ----                          
00000000  __TI_static_base__            
00000000  g_pfnVectors                  
00000200  __STACK_SIZE                  
0000026d  main                          
00000467  UART5IntHandler               
00000595  GPIOPadConfigSet              
000006c9  SysCtlClockGet                
000007d9  SysCtlClockSet                
000008cd  __aeabi_memcpy                
000008cd  __aeabi_memcpy4               
000008cd  __aeabi_memcpy8               
000008cd  memcpy                        
00000969  IntEnable                     
000009d1  __TI_decompress_lzss          
00000a39  GPIOPinConfigure              
00000a81  UARTConfigSetExpClk           
00000ac9  __TI_auto_init_nobinit_nopinit
00000b0d  SysCtlPeripheralEnable        
00000b41  _c_int00_noargs               
00000b75  GPIODirModeSet                
00000b9f  PWMGenConfigure               
00000bc1  UARTDisable                   
00000be1  PWMPulseWidthSet              
00000bff  __TI_zero_init_nomemset       
00000c1b  GPIOPinTypeGPIOOutput         
00000c35  SysCtlPWMClockSet             
00000c49  UARTEnable                    
00000c5d  GPIOPinTypePWM                
00000c6f  GPIOPinTypeUART               
00000c81  PWMOutputState                
00000c93  IntMasterEnable               
00000ca3  PWMGenPeriodSet               
00000cb3  UARTCharGetNonBlocking        
00000cc1  UARTCharPutNonBlocking        
00000ccf  UARTCharsAvail                
00000cdd  __TI_decompress_none          
00000ceb  CPUcpsie                      
00000cf7  PWMGenEnable                  
00000d03  ResetISR                      
00000d0f  UARTCharPut                   
00000d19  UARTIntStatus                 
00000d23  UARTIntEnable                 
00000d2b  GPIOPinWrite                  
00000d31  SysCtlDelay                   
00000d37  UARTIntClear                  
00000d3b  _system_pre_init              
00000d3f  C$$EXIT                       
00000d3f  abort                         
00000eb0  __TI_Handler_Table_Base       
00000ebc  __TI_Handler_Table_Limit      
00000ed0  __TI_CINIT_Base               
00000ee0  __TI_CINIT_Limit              
20000000  __stack                       
20000000  __start___llvm_prf_cnts       
20000000  __stop___llvm_prf_cnts        
20000200  __STACK_END                   
20000200  __STACK_TOP                   
20000200  receive                       
20000214  pointer                       
20000218  x                             
2000021c  z                             
ffffffff  __TI_pprof_out_hndl           
ffffffff  __TI_prof_data_size           
ffffffff  __TI_prof_data_start          
ffffffff  __binit__                     
ffffffff  __c_args__                    
ffffffff  binit                         
UNDEFED   __mpu_init                    
UNDEFED   _system_post_cinit            

[69 symbols]
